Archive member included to satisfy reference by file (symbol)

c:/program files/microchip/xc32/v4.60/bin/bin/../../lib/gcc/pic32c/8.3.1/../../../../pic32c/lib/thumb/v7e-m+dp/hard\libpic32c.a(data_init.o)
                              build/default/production/_ext/1171490990/startup_xc32.o (__pic32c_data_initialization)
c:/program files/microchip/xc32/v4.60/bin/bin/../../lib/gcc/pic32c/8.3.1/../../../../pic32c/lib/thumb/v7e-m+dp/hard\libc-size-musl.a(memcpy.o)
                              build/default/production/_ext/60167248/plib_efc.o (memcpy)
c:/program files/microchip/xc32/v4.60/bin/bin/../../lib/gcc/pic32c/8.3.1/../../../../pic32c/lib/thumb/v7e-m+dp/hard\libc-size-musl.a(strlen.o)
                              build/default/production/_ext/1360937237/main.o (strlen)
c:/program files/microchip/xc32/v4.60/bin/bin/../../lib/gcc/pic32c/8.3.1/../../../../pic32c/lib/thumb/v7e-m+dp/hard\libc-musl.a(__libc_start_main.o)
                              build/default/production/_ext/1171490990/startup_xc32.o (__libc_init_array)
c:/program files/microchip/xc32/v4.60/bin/bin/../../lib/gcc/pic32c/8.3.1/../../../../pic32c/lib/thumb/v7e-m+dp/hard\libc-musl.a(libc.o)
                              c:/program files/microchip/xc32/v4.60/bin/bin/../../lib/gcc/pic32c/8.3.1/../../../../pic32c/lib/thumb/v7e-m+dp/hard\libc-musl.a(__libc_start_main.o) (__progname_full)
c:/program files/microchip/xc32/v4.60/bin/bin/../../lib/gcc/pic32c/8.3.1/../../../../pic32c/lib/thumb/v7e-m+dp/hard\libc-musl.a(__environ.o)
                              c:/program files/microchip/xc32/v4.60/bin/bin/../../lib/gcc/pic32c/8.3.1/../../../../pic32c/lib/thumb/v7e-m+dp/hard\libc-musl.a(__libc_start_main.o) (__environ)
c:/program files/microchip/xc32/v4.60/bin/bin/../../lib/gcc/pic32c/8.3.1/../../../../pic32c/lib/thumb/v7e-m+dp/hard\libpic32c.a(pic32_data_init_clear.o)
                              (__dinit_clear_needed)
c:/program files/microchip/xc32/v4.60/bin/bin/../../lib/gcc/pic32c/8.3.1/../../../../pic32c/lib/thumb/v7e-m+dp/hard\libpic32c.a(pic32_data_init_copy.o)
                              (__dinit_copy_needed)

Microchip PIC32 Memory-Usage Report

ROM Program-Memory Usage
section                    address  length [bytes]      (dec)  Description
-------                 ----------  -------------------------  -----------
.vectors                  0x400000          0x168         360   
.text                     0x400168           0x20          32  App's exec code 
.text.Reset_Handler       0x400188          0x160         352   
.text.PIO_Initialize      0x4002e8           0xc4         196   
.text.USART1_Write        0x4003ac           0x78         120   
.text.USART1_ISR_TX_Han   0x400424           0x74         116   
.text.CLOCK_Initialize    0x400498           0x70         112   
.text.NVIC_Initialize     0x400508           0x68         104   
.text.UART0_ISR_TX_Hand   0x400570           0x68         104   
.text.USART1_ISR_RX_Han   0x4005d8           0x68         104   
.text.UART0_ISR_RX_Hand   0x400640           0x64         100   
.text.USART1_InterruptH   0x4006a4           0x64         100   
.text.__libc_start_init   0x400708           0x5c          92   
.text.XDMAC_InterruptHa   0x400764           0x58          88   
.text.UART0_InterruptHa   0x4007bc           0x50          80   
.dinit                    0x40080c           0x50          80   
.text                     0x40085c           0x40          64  App's exec code 
.text.UART0_Initialize    0x40089c           0x3c          60   
.text.USART1_Initialize   0x4008d8           0x3c          60   
.text.__pic32c_data_ini   0x400914           0x38          56   
.text.SYS_Initialize      0x40094c           0x30          48   
.text.USART1_ErrorClear   0x40097c           0x2c          44   
.text.XDMAC_Initialize    0x4009a8           0x2c          44   
.text.__dinit_copy        0x4009d4           0x1e          30   
.text.Dummy_Handler       0x4009f2            0x2           2   
.rodata.main.str1.4       0x4009f4           0x1c          28   
.text.USART1_WriteBlock   0x400a10           0x18          24   
.text.strlen              0x400a28           0x18          24   
.text.main                0x400a40           0x14          20   
.rodata                   0x400a54           0x14          20  Read-only const 
.text.USART1_WriteStrin   0x400a68           0x12          18   
.text.__dinit_clear       0x400a7a           0x12          18   
.text.EFC_Initialize      0x400a8c           0x10          16   
.text.USART1_WriteIsBus   0x400a9c            0xc          12   
.text.__dummy_decompres   0x400aa8            0x4           4   
.text.NonMaskableInt_Ha   0x400aac            0x2           2   
.text.HardFault_Handler   0x400aae            0x2           2   
.text.DebugMonitor_Hand   0x400ab0            0x2           2   
.text.MemoryManagement_   0x400ab2            0x2           2   
.text.BusFault_Handler    0x400ab4            0x2           2   
.text.UsageFault_Handle   0x400ab6            0x2           2   
.text.Dummy_App_Func      0x400ab8            0x2           2   
.text.__dummy_init_tls    0x400aba            0x2           2   
.text.__dummy             0x400abc            0x2           2   
      Total ROM used  :       0xabe        2750  0.1% of 0x200000
        --------------------------------------------------------------------------
         Total Program Memory used  :       0xabe        2750  0.1% of 0x200000
        --------------------------------------------------------------------------


RAM Data-Memory Usage
section                    address  length [bytes]      (dec)  Description
-------                 ----------  -------------------------  -----------
.bss                    0x20400000           0x50          80  Uninitialized data 
.bss.usart1Obj          0x20400050           0x34          52   
.bss.uart0Obj           0x20400084           0x30          48   
.bss                    0x204000b4           0x1c          28  Uninitialized data 
.bss.xdmacChannelObj    0x204000d0           0x10          16   
.bss.cmd.7829           0x204000e0            0x4           4   
.bss                    0x204000e4            0x4           4  Uninitialized data 
.bss                    0x204000e8            0x4           4  Uninitialized data 
         Total RAM used  :        0xec         236  0.1% of 0x60000
        --------------------------------------------------------------------------
            Total Data Memory used  :        0xec         236  0.1% of 0x60000
        --------------------------------------------------------------------------


Dynamic Data-Memory Reservation
section                    address  length [bytes]      (dec)  Description
-------                 ----------  -------------------------  -----------
heap                    0x204000f0          0x200         512  Reserved for heap 
stack                   0x20400308        0x5fce8      392424  Reserved for stack 

        --------------------------------------------------------------------------

Microchip PIC32 Memory-Usage Report By Module

        text        data         bss         dec         hex    basename                   filename
--------------------------------------------------------------------------------
         556           0          52         608         260    plib_usart1.o          build/default/production/_ext/2001315827/plib_usart1.o
         344           0          48         392         188    plib_uart0.o           build/default/production/_ext/1865657120/plib_uart0.o
         362           0           0         362         16a    interrupts.o           build/default/production/_ext/1171490990/interrupts.o
         354           0           4         358         166    startup_xc32.o         build/default/production/_ext/1171490990/startup_xc32.o
         196           0           0         196          c4    plib_pio.o             build/default/production/_ext/60177924/plib_pio.o
         132           0          16         148          94    plib_xdmac.o           build/default/production/_ext/2003650513/plib_xdmac.o
         112           0           0         112          70    plib_clk.o             build/default/production/_ext/60165520/plib_clk.o
         104           0           0         104          68    plib_nvic.o            build/default/production/_ext/1865468468/plib_nvic.o
          72           0          28         100          64    crtbegin.o             c:/program files/microchip/xc32/v4.60/bin/bin/../../lib/gcc/pic32c/8.3.1/thumb/v7e-m+dp/hard/crtbegin.o
          94           0           0          94          5e    __libc_start_main.o    libc-musl.a
          90           0           0          90          5a    main.o                 build/default/production/_ext/1360937237/main.o
          82           0           4          86          56    data_init.o            libpic32c.a
          80           0           0          80          50    data_init              data_init
           0           0          80          80          50    libc.o                 libc-musl.a
          52           0           0          52          34    initialization.o       build/default/production/_ext/1171490990/initialization.o
          30           0           0          30          1e    pic32_data_init_copy.o libpic32c.a
          24           0           0          24          18    strlen.o               libc-size-musl.a
          18           0           0          18          12    pic32_data_init_clear.olibpic32c.a
          16           0           0          16          10    crtn.o                 c:/program files/microchip/xc32/v4.60/bin/bin/../../lib/gcc/pic32c/8.3.1/thumb/v7e-m+dp/hard/crtn.o
          16           0           0          16          10    plib_efc.o             build/default/production/_ext/60167248/plib_efc.o
          12           0           0          12           c    exceptions.o           build/default/production/_ext/1171490990/exceptions.o
           8           0           0           8           8    crti.o                 c:/program files/microchip/xc32/v4.60/bin/bin/../../lib/gcc/pic32c/8.3.1/thumb/v7e-m+dp/hard/crti.o
           0           0           4           4           4    __environ.o            libc-musl.a
--------------------------------------------------------------------------------
        2754           0         236        2990         bae    dist/default/production/dma.X.production.elf


Discarded input sections

 .text          0x0000000000000000        0x0 c:/program files/microchip/xc32/v4.60/bin/bin/../../lib/gcc/pic32c/8.3.1/thumb/v7e-m+dp/hard/crti.o
 .data          0x0000000000000000        0x0 c:/program files/microchip/xc32/v4.60/bin/bin/../../lib/gcc/pic32c/8.3.1/thumb/v7e-m+dp/hard/crti.o
 .bss           0x0000000000000000        0x0 c:/program files/microchip/xc32/v4.60/bin/bin/../../lib/gcc/pic32c/8.3.1/thumb/v7e-m+dp/hard/crti.o
 .xc_stack_usage.hdr
                0x0000000000000000        0xe c:/program files/microchip/xc32/v4.60/bin/bin/../../lib/gcc/pic32c/8.3.1/thumb/v7e-m+dp/hard/crti.o
 .xc_stack_usage
                0x0000000000000000       0x26 c:/program files/microchip/xc32/v4.60/bin/bin/../../lib/gcc/pic32c/8.3.1/thumb/v7e-m+dp/hard/crti.o
 .data          0x0000000000000000        0x4 c:/program files/microchip/xc32/v4.60/bin/bin/../../lib/gcc/pic32c/8.3.1/thumb/v7e-m+dp/hard/crtbegin.o
 .xc_stack_usage
                0x0000000000000000       0x3c c:/program files/microchip/xc32/v4.60/bin/bin/../../lib/gcc/pic32c/8.3.1/thumb/v7e-m+dp/hard/crtbegin.o
 .xc_stack_usage.hdr
                0x0000000000000000        0xe c:/program files/microchip/xc32/v4.60/bin/bin/../../lib/gcc/pic32c/8.3.1/thumb/v7e-m+dp/hard/crtbegin.o
 .text          0x0000000000000000        0x0 build/default/production/_ext/60165520/plib_clk.o
 .data          0x0000000000000000        0x0 build/default/production/_ext/60165520/plib_clk.o
 .bss           0x0000000000000000        0x0 build/default/production/_ext/60165520/plib_clk.o
 .text          0x0000000000000000        0x0 build/default/production/_ext/60167248/plib_efc.o
 .data          0x0000000000000000        0x0 build/default/production/_ext/60167248/plib_efc.o
 .bss           0x0000000000000000        0x0 build/default/production/_ext/60167248/plib_efc.o
 .text.EFC_Read
                0x0000000000000000       0x10 build/default/production/_ext/60167248/plib_efc.o
 .text.EFC_SectorErase
                0x0000000000000000       0x54 build/default/production/_ext/60167248/plib_efc.o
 .text.EFC_PageBufferWrite
                0x0000000000000000       0x60 build/default/production/_ext/60167248/plib_efc.o
 .text.EFC_PageBufferCommit
                0x0000000000000000       0x34 build/default/production/_ext/60167248/plib_efc.o
 .text.EFC_PageWrite
                0x0000000000000000       0x84 build/default/production/_ext/60167248/plib_efc.o
 .text.EFC_QuadWordWrite
                0x0000000000000000       0x64 build/default/production/_ext/60167248/plib_efc.o
 .text.EFC_RegionLock
                0x0000000000000000       0x2c build/default/production/_ext/60167248/plib_efc.o
 .text.EFC_RegionUnlock
                0x0000000000000000       0x2c build/default/production/_ext/60167248/plib_efc.o
 .text.EFC_IsBusy
                0x0000000000000000       0x20 build/default/production/_ext/60167248/plib_efc.o
 .text.EFC_ErrorGet
                0x0000000000000000       0x18 build/default/production/_ext/60167248/plib_efc.o
 .bss.efc_status
                0x0000000000000000        0x4 build/default/production/_ext/60167248/plib_efc.o
 .text          0x0000000000000000        0x0 build/default/production/_ext/1865468468/plib_nvic.o
 .data          0x0000000000000000        0x0 build/default/production/_ext/1865468468/plib_nvic.o
 .bss           0x0000000000000000        0x0 build/default/production/_ext/1865468468/plib_nvic.o
 .text.NVIC_INT_Enable
                0x0000000000000000        0x8 build/default/production/_ext/1865468468/plib_nvic.o
 .text.NVIC_INT_Disable
                0x0000000000000000       0x12 build/default/production/_ext/1865468468/plib_nvic.o
 .text.NVIC_INT_Restore
                0x0000000000000000       0x12 build/default/production/_ext/1865468468/plib_nvic.o
 .text.NVIC_INT_SourceDisable
                0x0000000000000000       0x44 build/default/production/_ext/1865468468/plib_nvic.o
 .text.NVIC_INT_SourceRestore
                0x0000000000000000       0x20 build/default/production/_ext/1865468468/plib_nvic.o
 .text          0x0000000000000000        0x0 build/default/production/_ext/60177924/plib_pio.o
 .data          0x0000000000000000        0x0 build/default/production/_ext/60177924/plib_pio.o
 .bss           0x0000000000000000        0x0 build/default/production/_ext/60177924/plib_pio.o
 .text.PIO_PortRead
                0x0000000000000000        0x4 build/default/production/_ext/60177924/plib_pio.o
 .text.PIO_PortWrite
                0x0000000000000000        0xc build/default/production/_ext/60177924/plib_pio.o
 .text.PIO_PortLatchRead
                0x0000000000000000        0x4 build/default/production/_ext/60177924/plib_pio.o
 .text.PIO_PortSet
                0x0000000000000000        0x4 build/default/production/_ext/60177924/plib_pio.o
 .text.PIO_PortClear
                0x0000000000000000        0x4 build/default/production/_ext/60177924/plib_pio.o
 .text.PIO_PortToggle
                0x0000000000000000        0x8 build/default/production/_ext/60177924/plib_pio.o
 .text.PIO_PortInputEnable
                0x0000000000000000        0x4 build/default/production/_ext/60177924/plib_pio.o
 .text.PIO_PortOutputEnable
                0x0000000000000000        0x4 build/default/production/_ext/60177924/plib_pio.o
 .text          0x0000000000000000        0x0 build/default/production/_ext/1865657120/plib_uart0.o
 .data          0x0000000000000000        0x0 build/default/production/_ext/1865657120/plib_uart0.o
 .bss           0x0000000000000000        0x0 build/default/production/_ext/1865657120/plib_uart0.o
 .text.UART0_ErrorGet
                0x0000000000000000       0x2c build/default/production/_ext/1865657120/plib_uart0.o
 .text.UART0_SerialSetup
                0x0000000000000000       0x68 build/default/production/_ext/1865657120/plib_uart0.o
 .text.UART0_Read
                0x0000000000000000       0x3c build/default/production/_ext/1865657120/plib_uart0.o
 .text.UART0_Write
                0x0000000000000000       0x4c build/default/production/_ext/1865657120/plib_uart0.o
 .text.UART0_WriteCallbackRegister
                0x0000000000000000        0xc build/default/production/_ext/1865657120/plib_uart0.o
 .text.UART0_ReadCallbackRegister
                0x0000000000000000        0xc build/default/production/_ext/1865657120/plib_uart0.o
 .text.UART0_WriteIsBusy
                0x0000000000000000        0xc build/default/production/_ext/1865657120/plib_uart0.o
 .text.UART0_ReadIsBusy
                0x0000000000000000        0xc build/default/production/_ext/1865657120/plib_uart0.o
 .text.UART0_WriteCountGet
                0x0000000000000000        0xc build/default/production/_ext/1865657120/plib_uart0.o
 .text.UART0_ReadCountGet
                0x0000000000000000        0xc build/default/production/_ext/1865657120/plib_uart0.o
 .text.UART0_ReadAbort
                0x0000000000000000       0x28 build/default/production/_ext/1865657120/plib_uart0.o
 .text.UART0_TransmitComplete
                0x0000000000000000       0x10 build/default/production/_ext/1865657120/plib_uart0.o
 .text          0x0000000000000000        0x0 build/default/production/_ext/2001315827/plib_usart1.o
 .data          0x0000000000000000        0x0 build/default/production/_ext/2001315827/plib_usart1.o
 .bss           0x0000000000000000        0x0 build/default/production/_ext/2001315827/plib_usart1.o
 .text.USART1_ErrorGet
                0x0000000000000000       0x10 build/default/production/_ext/2001315827/plib_usart1.o
 .text.USART1_SerialSetup
                0x0000000000000000       0x94 build/default/production/_ext/2001315827/plib_usart1.o
 .text.USART1_Read
                0x0000000000000000       0x40 build/default/production/_ext/2001315827/plib_usart1.o
 .text.USART1_TransmitComplete
                0x0000000000000000       0x10 build/default/production/_ext/2001315827/plib_usart1.o
 .text.USART1_WriteCallbackRegister
                0x0000000000000000        0xc build/default/production/_ext/2001315827/plib_usart1.o
 .text.USART1_ReadCallbackRegister
                0x0000000000000000        0xc build/default/production/_ext/2001315827/plib_usart1.o
 .text.USART1_ReadIsBusy
                0x0000000000000000        0xc build/default/production/_ext/2001315827/plib_usart1.o
 .text.USART1_ReadAbort
                0x0000000000000000       0x28 build/default/production/_ext/2001315827/plib_usart1.o
 .text.USART1_WriteCountGet
                0x0000000000000000        0xc build/default/production/_ext/2001315827/plib_usart1.o
 .text.USART1_ReadCountGet
                0x0000000000000000        0xc build/default/production/_ext/2001315827/plib_usart1.o
 .text          0x0000000000000000        0x0 build/default/production/_ext/2003650513/plib_xdmac.o
 .data          0x0000000000000000        0x0 build/default/production/_ext/2003650513/plib_xdmac.o
 .bss           0x0000000000000000        0x0 build/default/production/_ext/2003650513/plib_xdmac.o
 .text.XDMAC_ChannelCallbackRegister
                0x0000000000000000       0x10 build/default/production/_ext/2003650513/plib_xdmac.o
 .text.XDMAC_ChannelTransfer
                0x0000000000000000       0x5c build/default/production/_ext/2003650513/plib_xdmac.o
 .text.XDMAC_ChannelIsBusy
                0x0000000000000000       0x24 build/default/production/_ext/2003650513/plib_xdmac.o
 .text.XDMAC_ChannelTransferStatusGet
                0x0000000000000000       0x18 build/default/production/_ext/2003650513/plib_xdmac.o
 .text.XDMAC_ChannelDisable
                0x0000000000000000       0x1c build/default/production/_ext/2003650513/plib_xdmac.o
 .text.XDMAC_ChannelSettingsGet
                0x0000000000000000        0xc build/default/production/_ext/2003650513/plib_xdmac.o
 .text.XDMAC_ChannelSettingsSet
                0x0000000000000000       0x20 build/default/production/_ext/2003650513/plib_xdmac.o
 .text.XDMAC_ChannelBlockLengthSet
                0x0000000000000000       0x14 build/default/production/_ext/2003650513/plib_xdmac.o
 .text.XDMAC_ChannelSuspend
                0x0000000000000000       0x10 build/default/production/_ext/2003650513/plib_xdmac.o
 .text.XDMAC_ChannelResume
                0x0000000000000000       0x10 build/default/production/_ext/2003650513/plib_xdmac.o
 .text          0x0000000000000000        0x0 build/default/production/_ext/163028504/xc32_monitor.o
 .data          0x0000000000000000        0x0 build/default/production/_ext/163028504/xc32_monitor.o
 .bss           0x0000000000000000        0x0 build/default/production/_ext/163028504/xc32_monitor.o
 .text.read     0x0000000000000000        0x6 build/default/production/_ext/163028504/xc32_monitor.o
 .text.write    0x0000000000000000        0x6 build/default/production/_ext/163028504/xc32_monitor.o
 .debug_info    0x0000000000000000       0xf5 build/default/production/_ext/163028504/xc32_monitor.o
 .debug_abbrev  0x0000000000000000       0xb2 build/default/production/_ext/163028504/xc32_monitor.o
 .debug_loc     0x0000000000000000       0x4a build/default/production/_ext/163028504/xc32_monitor.o
 .debug_aranges
                0x0000000000000000       0x28 build/default/production/_ext/163028504/xc32_monitor.o
 .debug_ranges  0x0000000000000000       0x18 build/default/production/_ext/163028504/xc32_monitor.o
 .debug_line    0x0000000000000000       0xca build/default/production/_ext/163028504/xc32_monitor.o
 .debug_str     0x0000000000000000      0x259 build/default/production/_ext/163028504/xc32_monitor.o
 .comment       0x0000000000000000       0x2c build/default/production/_ext/163028504/xc32_monitor.o
 .debug_frame   0x0000000000000000       0x30 build/default/production/_ext/163028504/xc32_monitor.o
 .ARM.attributes
                0x0000000000000000       0x32 build/default/production/_ext/163028504/xc32_monitor.o
 .text          0x0000000000000000        0x0 build/default/production/_ext/1171490990/initialization.o
 .data          0x0000000000000000        0x0 build/default/production/_ext/1171490990/initialization.o
 .bss           0x0000000000000000        0x0 build/default/production/_ext/1171490990/initialization.o
 .text          0x0000000000000000        0x0 build/default/production/_ext/1171490990/interrupts.o
 .data          0x0000000000000000        0x0 build/default/production/_ext/1171490990/interrupts.o
 .bss           0x0000000000000000        0x0 build/default/production/_ext/1171490990/interrupts.o
 .text          0x0000000000000000        0x0 build/default/production/_ext/1171490990/exceptions.o
 .data          0x0000000000000000        0x0 build/default/production/_ext/1171490990/exceptions.o
 .bss           0x0000000000000000        0x0 build/default/production/_ext/1171490990/exceptions.o
 .text          0x0000000000000000        0x0 build/default/production/_ext/1171490990/startup_xc32.o
 .data          0x0000000000000000        0x0 build/default/production/_ext/1171490990/startup_xc32.o
 .bss           0x0000000000000000        0x0 build/default/production/_ext/1171490990/startup_xc32.o
 .text          0x0000000000000000        0x0 build/default/production/_ext/1171490990/libc_syscalls.o
 .data          0x0000000000000000        0x0 build/default/production/_ext/1171490990/libc_syscalls.o
 .bss           0x0000000000000000        0x0 build/default/production/_ext/1171490990/libc_syscalls.o
 .text._exit    0x0000000000000000        0x2 build/default/production/_ext/1171490990/libc_syscalls.o
 .debug_info    0x0000000000000000       0xaa build/default/production/_ext/1171490990/libc_syscalls.o
 .debug_abbrev  0x0000000000000000       0x5d build/default/production/_ext/1171490990/libc_syscalls.o
 .debug_loc     0x0000000000000000       0x15 build/default/production/_ext/1171490990/libc_syscalls.o
 .debug_aranges
                0x0000000000000000       0x20 build/default/production/_ext/1171490990/libc_syscalls.o
 .debug_ranges  0x0000000000000000       0x10 build/default/production/_ext/1171490990/libc_syscalls.o
 .debug_line    0x0000000000000000       0x5b build/default/production/_ext/1171490990/libc_syscalls.o
 .debug_str     0x0000000000000000      0x29d build/default/production/_ext/1171490990/libc_syscalls.o
 .comment       0x0000000000000000       0x2c build/default/production/_ext/1171490990/libc_syscalls.o
 .debug_frame   0x0000000000000000       0x20 build/default/production/_ext/1171490990/libc_syscalls.o
 .ARM.attributes
                0x0000000000000000       0x32 build/default/production/_ext/1171490990/libc_syscalls.o
 .text          0x0000000000000000        0x0 build/default/production/_ext/1360937237/main.o
 .data          0x0000000000000000        0x0 build/default/production/_ext/1360937237/main.o
 .bss           0x0000000000000000        0x0 build/default/production/_ext/1360937237/main.o
 .text          0x0000000000000000        0x0 c:/program files/microchip/xc32/v4.60/bin/bin/../../lib/gcc/pic32c/8.3.1/../../../../pic32c/lib/thumb/v7e-m+dp/hard\libpic32c.a(data_init.o)
 .data          0x0000000000000000        0x0 c:/program files/microchip/xc32/v4.60/bin/bin/../../lib/gcc/pic32c/8.3.1/../../../../pic32c/lib/thumb/v7e-m+dp/hard\libpic32c.a(data_init.o)
 .xc_stack_usage
                0x0000000000000000       0x68 c:/program files/microchip/xc32/v4.60/bin/bin/../../lib/gcc/pic32c/8.3.1/../../../../pic32c/lib/thumb/v7e-m+dp/hard\libpic32c.a(data_init.o)
 .xc_stack_usage.hdr
                0x0000000000000000        0xe c:/program files/microchip/xc32/v4.60/bin/bin/../../lib/gcc/pic32c/8.3.1/../../../../pic32c/lib/thumb/v7e-m+dp/hard\libpic32c.a(data_init.o)
 .text          0x0000000000000000        0x0 c:/program files/microchip/xc32/v4.60/bin/bin/../../lib/gcc/pic32c/8.3.1/../../../../pic32c/lib/thumb/v7e-m+dp/hard\libc-size-musl.a(memcpy.o)
 .data          0x0000000000000000        0x0 c:/program files/microchip/xc32/v4.60/bin/bin/../../lib/gcc/pic32c/8.3.1/../../../../pic32c/lib/thumb/v7e-m+dp/hard\libc-size-musl.a(memcpy.o)
 .bss           0x0000000000000000        0x0 c:/program files/microchip/xc32/v4.60/bin/bin/../../lib/gcc/pic32c/8.3.1/../../../../pic32c/lib/thumb/v7e-m+dp/hard\libc-size-musl.a(memcpy.o)
 .xc_stack_usage
                0x0000000000000000       0x14 c:/program files/microchip/xc32/v4.60/bin/bin/../../lib/gcc/pic32c/8.3.1/../../../../pic32c/lib/thumb/v7e-m+dp/hard\libc-size-musl.a(memcpy.o)
 .text.memcpy   0x0000000000000000       0x1c c:/program files/microchip/xc32/v4.60/bin/bin/../../lib/gcc/pic32c/8.3.1/../../../../pic32c/lib/thumb/v7e-m+dp/hard\libc-size-musl.a(memcpy.o)
 .xc_stack_usage.hdr
                0x0000000000000000        0xe c:/program files/microchip/xc32/v4.60/bin/bin/../../lib/gcc/pic32c/8.3.1/../../../../pic32c/lib/thumb/v7e-m+dp/hard\libc-size-musl.a(memcpy.o)
 .debug_info    0x0000000000000000       0xf3 c:/program files/microchip/xc32/v4.60/bin/bin/../../lib/gcc/pic32c/8.3.1/../../../../pic32c/lib/thumb/v7e-m+dp/hard\libc-size-musl.a(memcpy.o)
 .debug_abbrev  0x0000000000000000       0xbb c:/program files/microchip/xc32/v4.60/bin/bin/../../lib/gcc/pic32c/8.3.1/../../../../pic32c/lib/thumb/v7e-m+dp/hard\libc-size-musl.a(memcpy.o)
 .debug_loc     0x0000000000000000      0x10b c:/program files/microchip/xc32/v4.60/bin/bin/../../lib/gcc/pic32c/8.3.1/../../../../pic32c/lib/thumb/v7e-m+dp/hard\libc-size-musl.a(memcpy.o)
 .debug_aranges
                0x0000000000000000       0x20 c:/program files/microchip/xc32/v4.60/bin/bin/../../lib/gcc/pic32c/8.3.1/../../../../pic32c/lib/thumb/v7e-m+dp/hard\libc-size-musl.a(memcpy.o)
 .debug_ranges  0x0000000000000000       0x10 c:/program files/microchip/xc32/v4.60/bin/bin/../../lib/gcc/pic32c/8.3.1/../../../../pic32c/lib/thumb/v7e-m+dp/hard\libc-size-musl.a(memcpy.o)
 .debug_line    0x0000000000000000       0xf9 c:/program files/microchip/xc32/v4.60/bin/bin/../../lib/gcc/pic32c/8.3.1/../../../../pic32c/lib/thumb/v7e-m+dp/hard\libc-size-musl.a(memcpy.o)
 .debug_str     0x0000000000000000      0x235 c:/program files/microchip/xc32/v4.60/bin/bin/../../lib/gcc/pic32c/8.3.1/../../../../pic32c/lib/thumb/v7e-m+dp/hard\libc-size-musl.a(memcpy.o)
 .comment       0x0000000000000000       0x2c c:/program files/microchip/xc32/v4.60/bin/bin/../../lib/gcc/pic32c/8.3.1/../../../../pic32c/lib/thumb/v7e-m+dp/hard\libc-size-musl.a(memcpy.o)
 .note.GNU-stack
                0x0000000000000000        0x0 c:/program files/microchip/xc32/v4.60/bin/bin/../../lib/gcc/pic32c/8.3.1/../../../../pic32c/lib/thumb/v7e-m+dp/hard\libc-size-musl.a(memcpy.o)
 .debug_frame   0x0000000000000000       0x2c c:/program files/microchip/xc32/v4.60/bin/bin/../../lib/gcc/pic32c/8.3.1/../../../../pic32c/lib/thumb/v7e-m+dp/hard\libc-size-musl.a(memcpy.o)
 .ARM.attributes
                0x0000000000000000       0x34 c:/program files/microchip/xc32/v4.60/bin/bin/../../lib/gcc/pic32c/8.3.1/../../../../pic32c/lib/thumb/v7e-m+dp/hard\libc-size-musl.a(memcpy.o)
 .text          0x0000000000000000        0x0 c:/program files/microchip/xc32/v4.60/bin/bin/../../lib/gcc/pic32c/8.3.1/../../../../pic32c/lib/thumb/v7e-m+dp/hard\libc-size-musl.a(strlen.o)
 .data          0x0000000000000000        0x0 c:/program files/microchip/xc32/v4.60/bin/bin/../../lib/gcc/pic32c/8.3.1/../../../../pic32c/lib/thumb/v7e-m+dp/hard\libc-size-musl.a(strlen.o)
 .bss           0x0000000000000000        0x0 c:/program files/microchip/xc32/v4.60/bin/bin/../../lib/gcc/pic32c/8.3.1/../../../../pic32c/lib/thumb/v7e-m+dp/hard\libc-size-musl.a(strlen.o)
 .xc_stack_usage
                0x0000000000000000       0x14 c:/program files/microchip/xc32/v4.60/bin/bin/../../lib/gcc/pic32c/8.3.1/../../../../pic32c/lib/thumb/v7e-m+dp/hard\libc-size-musl.a(strlen.o)
 .xc_stack_usage.hdr
                0x0000000000000000        0xe c:/program files/microchip/xc32/v4.60/bin/bin/../../lib/gcc/pic32c/8.3.1/../../../../pic32c/lib/thumb/v7e-m+dp/hard\libc-size-musl.a(strlen.o)
 .text          0x0000000000000000        0x0 c:/program files/microchip/xc32/v4.60/bin/bin/../../lib/gcc/pic32c/8.3.1/../../../../pic32c/lib/thumb/v7e-m+dp/hard\libc-musl.a(__libc_start_main.o)
 .data          0x0000000000000000        0x0 c:/program files/microchip/xc32/v4.60/bin/bin/../../lib/gcc/pic32c/8.3.1/../../../../pic32c/lib/thumb/v7e-m+dp/hard\libc-musl.a(__libc_start_main.o)
 .bss           0x0000000000000000        0x0 c:/program files/microchip/xc32/v4.60/bin/bin/../../lib/gcc/pic32c/8.3.1/../../../../pic32c/lib/thumb/v7e-m+dp/hard\libc-musl.a(__libc_start_main.o)
 .xc_stack_usage
                0x0000000000000000       0x34 c:/program files/microchip/xc32/v4.60/bin/bin/../../lib/gcc/pic32c/8.3.1/../../../../pic32c/lib/thumb/v7e-m+dp/hard\libc-musl.a(__libc_start_main.o)
 .xc_stack_usage.hdr
                0x0000000000000000        0xe c:/program files/microchip/xc32/v4.60/bin/bin/../../lib/gcc/pic32c/8.3.1/../../../../pic32c/lib/thumb/v7e-m+dp/hard\libc-musl.a(__libc_start_main.o)
 .text          0x0000000000000000        0x0 c:/program files/microchip/xc32/v4.60/bin/bin/../../lib/gcc/pic32c/8.3.1/../../../../pic32c/lib/thumb/v7e-m+dp/hard\libc-musl.a(libc.o)
 .data          0x0000000000000000        0x0 c:/program files/microchip/xc32/v4.60/bin/bin/../../lib/gcc/pic32c/8.3.1/../../../../pic32c/lib/thumb/v7e-m+dp/hard\libc-musl.a(libc.o)
 .xc_stack_usage.hdr
                0x0000000000000000        0xe c:/program files/microchip/xc32/v4.60/bin/bin/../../lib/gcc/pic32c/8.3.1/../../../../pic32c/lib/thumb/v7e-m+dp/hard\libc-musl.a(libc.o)
 .text          0x0000000000000000        0x0 c:/program files/microchip/xc32/v4.60/bin/bin/../../lib/gcc/pic32c/8.3.1/../../../../pic32c/lib/thumb/v7e-m+dp/hard\libc-musl.a(__environ.o)
 .data          0x0000000000000000        0x0 c:/program files/microchip/xc32/v4.60/bin/bin/../../lib/gcc/pic32c/8.3.1/../../../../pic32c/lib/thumb/v7e-m+dp/hard\libc-musl.a(__environ.o)
 .xc_stack_usage.hdr
                0x0000000000000000        0xe c:/program files/microchip/xc32/v4.60/bin/bin/../../lib/gcc/pic32c/8.3.1/../../../../pic32c/lib/thumb/v7e-m+dp/hard\libc-musl.a(__environ.o)
 .text          0x0000000000000000        0x0 c:/program files/microchip/xc32/v4.60/bin/bin/../../lib/gcc/pic32c/8.3.1/thumb/v7e-m+dp/hard/crtend.o
 .data          0x0000000000000000        0x0 c:/program files/microchip/xc32/v4.60/bin/bin/../../lib/gcc/pic32c/8.3.1/thumb/v7e-m+dp/hard/crtend.o
 .bss           0x0000000000000000        0x0 c:/program files/microchip/xc32/v4.60/bin/bin/../../lib/gcc/pic32c/8.3.1/thumb/v7e-m+dp/hard/crtend.o
 .eh_frame      0x0000000000000000        0x4 c:/program files/microchip/xc32/v4.60/bin/bin/../../lib/gcc/pic32c/8.3.1/thumb/v7e-m+dp/hard/crtend.o
 .xc_stack_usage.hdr
                0x0000000000000000        0xe c:/program files/microchip/xc32/v4.60/bin/bin/../../lib/gcc/pic32c/8.3.1/thumb/v7e-m+dp/hard/crtend.o
 .comment       0x0000000000000000       0x2c c:/program files/microchip/xc32/v4.60/bin/bin/../../lib/gcc/pic32c/8.3.1/thumb/v7e-m+dp/hard/crtend.o
 .ARM.attributes
                0x0000000000000000       0x30 c:/program files/microchip/xc32/v4.60/bin/bin/../../lib/gcc/pic32c/8.3.1/thumb/v7e-m+dp/hard/crtend.o
 .text          0x0000000000000000        0x0 c:/program files/microchip/xc32/v4.60/bin/bin/../../lib/gcc/pic32c/8.3.1/thumb/v7e-m+dp/hard/crtn.o
 .data          0x0000000000000000        0x0 c:/program files/microchip/xc32/v4.60/bin/bin/../../lib/gcc/pic32c/8.3.1/thumb/v7e-m+dp/hard/crtn.o
 .bss           0x0000000000000000        0x0 c:/program files/microchip/xc32/v4.60/bin/bin/../../lib/gcc/pic32c/8.3.1/thumb/v7e-m+dp/hard/crtn.o
 .xc_stack_usage.hdr
                0x0000000000000000        0xe c:/program files/microchip/xc32/v4.60/bin/bin/../../lib/gcc/pic32c/8.3.1/thumb/v7e-m+dp/hard/crtn.o
 .text          0x0000000000000000        0x0 c:/program files/microchip/xc32/v4.60/bin/bin/../../lib/gcc/pic32c/8.3.1/../../../../pic32c/lib/thumb/v7e-m+dp/hard\libpic32c.a(pic32_data_init_clear.o)
 .data          0x0000000000000000        0x0 c:/program files/microchip/xc32/v4.60/bin/bin/../../lib/gcc/pic32c/8.3.1/../../../../pic32c/lib/thumb/v7e-m+dp/hard\libpic32c.a(pic32_data_init_clear.o)
 .bss           0x0000000000000000        0x0 c:/program files/microchip/xc32/v4.60/bin/bin/../../lib/gcc/pic32c/8.3.1/../../../../pic32c/lib/thumb/v7e-m+dp/hard\libpic32c.a(pic32_data_init_clear.o)
 .xc_stack_usage
                0x0000000000000000       0x1b c:/program files/microchip/xc32/v4.60/bin/bin/../../lib/gcc/pic32c/8.3.1/../../../../pic32c/lib/thumb/v7e-m+dp/hard\libpic32c.a(pic32_data_init_clear.o)
 .xc_stack_usage.hdr
                0x0000000000000000        0xe c:/program files/microchip/xc32/v4.60/bin/bin/../../lib/gcc/pic32c/8.3.1/../../../../pic32c/lib/thumb/v7e-m+dp/hard\libpic32c.a(pic32_data_init_clear.o)
 .text          0x0000000000000000        0x0 c:/program files/microchip/xc32/v4.60/bin/bin/../../lib/gcc/pic32c/8.3.1/../../../../pic32c/lib/thumb/v7e-m+dp/hard\libpic32c.a(pic32_data_init_copy.o)
 .data          0x0000000000000000        0x0 c:/program files/microchip/xc32/v4.60/bin/bin/../../lib/gcc/pic32c/8.3.1/../../../../pic32c/lib/thumb/v7e-m+dp/hard\libpic32c.a(pic32_data_init_copy.o)
 .bss           0x0000000000000000        0x0 c:/program files/microchip/xc32/v4.60/bin/bin/../../lib/gcc/pic32c/8.3.1/../../../../pic32c/lib/thumb/v7e-m+dp/hard\libpic32c.a(pic32_data_init_copy.o)
 .xc_stack_usage
                0x0000000000000000       0x1a c:/program files/microchip/xc32/v4.60/bin/bin/../../lib/gcc/pic32c/8.3.1/../../../../pic32c/lib/thumb/v7e-m+dp/hard\libpic32c.a(pic32_data_init_copy.o)
 .xc_stack_usage.hdr
                0x0000000000000000        0xe c:/program files/microchip/xc32/v4.60/bin/bin/../../lib/gcc/pic32c/8.3.1/../../../../pic32c/lib/thumb/v7e-m+dp/hard\libpic32c.a(pic32_data_init_copy.o)

Memory Configuration

Name             Origin             Length             Attributes
rom              0x0000000000400000 0x0000000000200000 xrl
ram              0x0000000020400000 0x0000000000060000 xw !r
itcm             0x0000000000000000 0x0000000000000000 xw
dtcm             0x0000000020000000 0x0000000000000000 xw !r
*default*        0x0000000000000000 0xffffffffffffffff

Linker script and memory map

LOAD c:/program files/microchip/xc32/v4.60/bin/bin/../../lib/gcc/pic32c/8.3.1/thumb/v7e-m+dp/hard/crti.o
LOAD c:/program files/microchip/xc32/v4.60/bin/bin/../../lib/gcc/pic32c/8.3.1/thumb/v7e-m+dp/hard/crtbegin.o
LOAD build/default/production/_ext/60165520/plib_clk.o
LOAD build/default/production/_ext/60167248/plib_efc.o
LOAD build/default/production/_ext/1865468468/plib_nvic.o
LOAD build/default/production/_ext/60177924/plib_pio.o
LOAD build/default/production/_ext/1865657120/plib_uart0.o
LOAD build/default/production/_ext/2001315827/plib_usart1.o
LOAD build/default/production/_ext/2003650513/plib_xdmac.o
LOAD build/default/production/_ext/163028504/xc32_monitor.o
LOAD build/default/production/_ext/1171490990/initialization.o
LOAD build/default/production/_ext/1171490990/interrupts.o
LOAD build/default/production/_ext/1171490990/exceptions.o
LOAD build/default/production/_ext/1171490990/startup_xc32.o
LOAD build/default/production/_ext/1171490990/libc_syscalls.o
LOAD build/default/production/_ext/1360937237/main.o
                0x0000000000000001                __MPLAB_BUILD = 0x1
                0x0000000000600000                __rom_end = (ORIGIN (rom) + LENGTH (rom))
                0x0000000020460000                __ram_end = (ORIGIN (ram) + LENGTH (ram))

.vectors        0x0000000000400000      0x168
                0x0000000000400000                . = ALIGN (0x4)
                0x0000000000400000                _sfixed = .
 *(.vectors .vectors.* .vectors_default .vectors_default.*)
 .vectors.exception_table
                0x0000000000400000      0x168 build/default/production/_ext/1171490990/interrupts.o
                0x0000000000400000                exception_table
 *(.isr_vector)
 *(.reset*)
 *(.after_vectors)

.text           0x0000000000400168       0x20
                0x0000000000400168                . = ALIGN (0x4)
 *(.glue_7t)
 .glue_7t       0x0000000000400168        0x0 linker stubs
 *(.glue_7)
 .glue_7        0x0000000000400168        0x0 linker stubs
 *(.gnu.linkonce.r.*)
 *(.ARM.extab* .gnu.linkonce.armextab.*)
                0x0000000000400168                . = ALIGN (0x4)
 *(.init)
 .init          0x0000000000400168        0x4 c:/program files/microchip/xc32/v4.60/bin/bin/../../lib/gcc/pic32c/8.3.1/thumb/v7e-m+dp/hard/crti.o
                0x0000000000400168                _init
 .init          0x000000000040016c        0x8 c:/program files/microchip/xc32/v4.60/bin/bin/../../lib/gcc/pic32c/8.3.1/thumb/v7e-m+dp/hard/crtn.o
                0x0000000000400174                . = ALIGN (0x4)
                0x0000000000400174                __preinit_array_start = .
 *(.preinit_array)
                0x0000000000400174                __preinit_array_end = .
                0x0000000000400174                . = ALIGN (0x4)
                0x0000000000400174                __init_array_start = .
 *(SORT_BY_NAME(.init_array.*))
 *(.init_array)
 .init_array    0x0000000000400174        0x4 c:/program files/microchip/xc32/v4.60/bin/bin/../../lib/gcc/pic32c/8.3.1/thumb/v7e-m+dp/hard/crtbegin.o
                0x0000000000400178                __init_array_end = .
                0x0000000000400178                . = ALIGN (0x4)
 *crtbegin.o(.ctors)
 *(EXCLUDE_FILE(*crtend.o) .ctors)
 *(SORT_BY_NAME(.ctors.*))
 *crtend.o(.ctors)
                0x0000000000400178                . = ALIGN (0x4)
 *(.fini)
 .fini          0x0000000000400178        0x4 c:/program files/microchip/xc32/v4.60/bin/bin/../../lib/gcc/pic32c/8.3.1/thumb/v7e-m+dp/hard/crti.o
                0x0000000000400178                _fini
 .fini          0x000000000040017c        0x8 c:/program files/microchip/xc32/v4.60/bin/bin/../../lib/gcc/pic32c/8.3.1/thumb/v7e-m+dp/hard/crtn.o
                0x0000000000400184                . = ALIGN (0x4)
                0x0000000000400184                __fini_array_start = .
 *(.fini_array)
 .fini_array    0x0000000000400184        0x4 c:/program files/microchip/xc32/v4.60/bin/bin/../../lib/gcc/pic32c/8.3.1/thumb/v7e-m+dp/hard/crtbegin.o
 *(SORT_BY_NAME(.fini_array.*))
                0x0000000000400188                __fini_array_end = .
 *crtbegin.o(.dtors)
 *(EXCLUDE_FILE(*crtend.o) .dtors)
 *(SORT_BY_NAME(.dtors.*))
 *crtend.o(.dtors)
                0x0000000000400188                . = ALIGN (0x4)
                0x0000000000400188                _efixed = .
                [!provide]                        PROVIDE (__exidx_start = .)

.ARM.exidx
 *(.ARM.exidx* .gnu.linkonce.armexidx.*)
                [!provide]                        PROVIDE (__exidx_end = .)
                0x0000000000400188                . = ALIGN (0x4)
                0x0000000000400188                _etext = .

.bss            0x0000000020400000        0x0
                0x0000000020400000                . = ALIGN (0x4)
                0x0000000020400000                __bss_start__ = .
                0x0000000020400000                _sbss = .
                0x0000000020400000                _szero = .
 *(COMMON)
                0x0000000020400000                . = ALIGN (0x4)
                0x0000000020400000                __bss_end__ = .
                0x0000000020400000                _ebss = .
                0x0000000020400000                _ezero = .
                0x0000000020400000                . = ALIGN (0x4)
                0x0000000020400000                _end = .
                0x000000002045ffff                _ram_end_ = ((ORIGIN (ram) + LENGTH (ram)) - 0x1)
                0x0000000000000200                _min_heap_size = 0x200
START GROUP
LOAD c:/program files/microchip/xc32/v4.60/bin/bin/../../lib/gcc/pic32c/8.3.1/../../../../pic32c/lib/thumb/v7e-m+dp/hard\libpic32c.a
LOAD c:/program files/microchip/xc32/v4.60/bin/bin/../../lib/gcc/pic32c/8.3.1/../../../../pic32c/lib/thumb/v7e-m+dp/hard\libc-size-musl.a
LOAD c:/program files/microchip/xc32/v4.60/bin/bin/../../lib/gcc/pic32c/8.3.1/../../../../pic32c/lib/thumb/v7e-m+dp/hard\liblmalloc-musl.a
LOAD c:/program files/microchip/xc32/v4.60/bin/bin/../../lib/gcc/pic32c/8.3.1/../../../../pic32c/lib/thumb/v7e-m+dp/hard\libm-fast-emfloat.a
LOAD c:/program files/microchip/xc32/v4.60/bin/bin/../../lib/gcc/pic32c/8.3.1/../../../../pic32c/lib/thumb/v7e-m+dp/hard\libm-musl.a
LOAD c:/program files/microchip/xc32/v4.60/bin/bin/../../lib/gcc/pic32c/8.3.1/../../../../pic32c/lib/thumb/v7e-m+dp/hard\libc-musl.a
LOAD c:/program files/microchip/xc32/v4.60/bin/bin/../../lib/gcc/pic32c/8.3.1/../../../../pic32c/lib/thumb/v7e-m+dp/hard\libm-fast-emfloat.a
LOAD c:/program files/microchip/xc32/v4.60/bin/bin/../../lib/gcc/pic32c/8.3.1/../../../../pic32c/lib/thumb/v7e-m+dp/hard\libm-musl.a
LOAD c:/program files/microchip/xc32/v4.60/bin/bin/../../lib/gcc/pic32c/8.3.1/thumb/v7e-m+dp/hard\libgcc.a
END GROUP
LOAD c:/program files/microchip/xc32/v4.60/bin/bin/../../lib/gcc/pic32c/8.3.1/thumb/v7e-m+dp/hard/crtend.o
LOAD c:/program files/microchip/xc32/v4.60/bin/bin/../../lib/gcc/pic32c/8.3.1/thumb/v7e-m+dp/hard/crtn.o
OUTPUT(dist/default/production/dma.X.production.elf elf32-littlearm)
LOAD data_init
LOAD stack

.ARM.attributes
                0x0000000000000000       0x32
 .ARM.attributes
                0x0000000000000000       0x1e c:/program files/microchip/xc32/v4.60/bin/bin/../../lib/gcc/pic32c/8.3.1/thumb/v7e-m+dp/hard/crti.o
 .ARM.attributes
                0x000000000000001e       0x32 c:/program files/microchip/xc32/v4.60/bin/bin/../../lib/gcc/pic32c/8.3.1/thumb/v7e-m+dp/hard/crtbegin.o
 .ARM.attributes
                0x0000000000000050       0x32 build/default/production/_ext/60165520/plib_clk.o
 .ARM.attributes
                0x0000000000000082       0x32 build/default/production/_ext/60167248/plib_efc.o
 .ARM.attributes
                0x00000000000000b4       0x32 build/default/production/_ext/1865468468/plib_nvic.o
 .ARM.attributes
                0x00000000000000e6       0x32 build/default/production/_ext/60177924/plib_pio.o
 .ARM.attributes
                0x0000000000000118       0x32 build/default/production/_ext/1865657120/plib_uart0.o
 .ARM.attributes
                0x000000000000014a       0x32 build/default/production/_ext/2001315827/plib_usart1.o
 .ARM.attributes
                0x000000000000017c       0x32 build/default/production/_ext/2003650513/plib_xdmac.o
 .ARM.attributes
                0x00000000000001ae       0x32 build/default/production/_ext/1171490990/initialization.o
 .ARM.attributes
                0x00000000000001e0       0x32 build/default/production/_ext/1171490990/interrupts.o
 .ARM.attributes
                0x0000000000000212       0x32 build/default/production/_ext/1171490990/exceptions.o
 .ARM.attributes
                0x0000000000000244       0x32 build/default/production/_ext/1171490990/startup_xc32.o
 .ARM.attributes
                0x0000000000000276       0x32 build/default/production/_ext/1360937237/main.o
 .ARM.attributes
                0x00000000000002a8       0x32 c:/program files/microchip/xc32/v4.60/bin/bin/../../lib/gcc/pic32c/8.3.1/../../../../pic32c/lib/thumb/v7e-m+dp/hard\libpic32c.a(data_init.o)
 .ARM.attributes
                0x00000000000002da       0x34 c:/program files/microchip/xc32/v4.60/bin/bin/../../lib/gcc/pic32c/8.3.1/../../../../pic32c/lib/thumb/v7e-m+dp/hard\libc-size-musl.a(strlen.o)
 .ARM.attributes
                0x000000000000030e       0x34 c:/program files/microchip/xc32/v4.60/bin/bin/../../lib/gcc/pic32c/8.3.1/../../../../pic32c/lib/thumb/v7e-m+dp/hard\libc-musl.a(__libc_start_main.o)
 .ARM.attributes
                0x0000000000000342       0x32 c:/program files/microchip/xc32/v4.60/bin/bin/../../lib/gcc/pic32c/8.3.1/../../../../pic32c/lib/thumb/v7e-m+dp/hard\libc-musl.a(libc.o)
 .ARM.attributes
                0x0000000000000374       0x32 c:/program files/microchip/xc32/v4.60/bin/bin/../../lib/gcc/pic32c/8.3.1/../../../../pic32c/lib/thumb/v7e-m+dp/hard\libc-musl.a(__environ.o)
 .ARM.attributes
                0x00000000000003a6       0x1e c:/program files/microchip/xc32/v4.60/bin/bin/../../lib/gcc/pic32c/8.3.1/thumb/v7e-m+dp/hard/crtn.o
 .ARM.attributes
                0x00000000000003c4       0x32 c:/program files/microchip/xc32/v4.60/bin/bin/../../lib/gcc/pic32c/8.3.1/../../../../pic32c/lib/thumb/v7e-m+dp/hard\libpic32c.a(pic32_data_init_clear.o)
 .ARM.attributes
                0x00000000000003f6       0x32 c:/program files/microchip/xc32/v4.60/bin/bin/../../lib/gcc/pic32c/8.3.1/../../../../pic32c/lib/thumb/v7e-m+dp/hard\libpic32c.a(pic32_data_init_copy.o)

.comment        0x0000000000000000       0x2b
 .comment       0x0000000000000000       0x2b c:/program files/microchip/xc32/v4.60/bin/bin/../../lib/gcc/pic32c/8.3.1/thumb/v7e-m+dp/hard/crtbegin.o
                                         0x2c (size before relaxing)
 .comment       0x000000000000002b       0x2c build/default/production/_ext/60165520/plib_clk.o
 .comment       0x000000000000002b       0x2c build/default/production/_ext/60167248/plib_efc.o
 .comment       0x000000000000002b       0x2c build/default/production/_ext/1865468468/plib_nvic.o
 .comment       0x000000000000002b       0x2c build/default/production/_ext/60177924/plib_pio.o
 .comment       0x000000000000002b       0x2c build/default/production/_ext/1865657120/plib_uart0.o
 .comment       0x000000000000002b       0x2c build/default/production/_ext/2001315827/plib_usart1.o
 .comment       0x000000000000002b       0x2c build/default/production/_ext/2003650513/plib_xdmac.o
 .comment       0x000000000000002b       0x2c build/default/production/_ext/1171490990/initialization.o
 .comment       0x000000000000002b       0x2c build/default/production/_ext/1171490990/interrupts.o
 .comment       0x000000000000002b       0x2c build/default/production/_ext/1171490990/exceptions.o
 .comment       0x000000000000002b       0x2c build/default/production/_ext/1171490990/startup_xc32.o
 .comment       0x000000000000002b       0x2c build/default/production/_ext/1360937237/main.o
 .comment       0x000000000000002b       0x2c c:/program files/microchip/xc32/v4.60/bin/bin/../../lib/gcc/pic32c/8.3.1/../../../../pic32c/lib/thumb/v7e-m+dp/hard\libpic32c.a(data_init.o)
 .comment       0x000000000000002b       0x2c c:/program files/microchip/xc32/v4.60/bin/bin/../../lib/gcc/pic32c/8.3.1/../../../../pic32c/lib/thumb/v7e-m+dp/hard\libc-size-musl.a(strlen.o)
 .comment       0x000000000000002b       0x2c c:/program files/microchip/xc32/v4.60/bin/bin/../../lib/gcc/pic32c/8.3.1/../../../../pic32c/lib/thumb/v7e-m+dp/hard\libc-musl.a(__libc_start_main.o)
 .comment       0x000000000000002b       0x2c c:/program files/microchip/xc32/v4.60/bin/bin/../../lib/gcc/pic32c/8.3.1/../../../../pic32c/lib/thumb/v7e-m+dp/hard\libc-musl.a(libc.o)
 .comment       0x000000000000002b       0x2c c:/program files/microchip/xc32/v4.60/bin/bin/../../lib/gcc/pic32c/8.3.1/../../../../pic32c/lib/thumb/v7e-m+dp/hard\libc-musl.a(__environ.o)
 .comment       0x000000000000002b       0x2c c:/program files/microchip/xc32/v4.60/bin/bin/../../lib/gcc/pic32c/8.3.1/../../../../pic32c/lib/thumb/v7e-m+dp/hard\libpic32c.a(pic32_data_init_clear.o)
 .comment       0x000000000000002b       0x2c c:/program files/microchip/xc32/v4.60/bin/bin/../../lib/gcc/pic32c/8.3.1/../../../../pic32c/lib/thumb/v7e-m+dp/hard\libpic32c.a(pic32_data_init_copy.o)

.debug_info     0x0000000000000000     0x600c
 .debug_info    0x0000000000000000      0x483 build/default/production/_ext/60165520/plib_clk.o
 .debug_info    0x0000000000000483      0xcd5 build/default/production/_ext/60167248/plib_efc.o
 .debug_info    0x0000000000001158      0xd39 build/default/production/_ext/1865468468/plib_nvic.o
 .debug_info    0x0000000000001e91      0x9ef build/default/production/_ext/60177924/plib_pio.o
 .debug_info    0x0000000000002880      0x7c4 build/default/production/_ext/1865657120/plib_uart0.o
 .debug_info    0x0000000000003044      0xaf2 build/default/production/_ext/2001315827/plib_usart1.o
 .debug_info    0x0000000000003b36      0x81d build/default/production/_ext/2003650513/plib_xdmac.o
 .debug_info    0x0000000000004353      0x1fc build/default/production/_ext/1171490990/initialization.o
 .debug_info    0x000000000000454f      0x693 build/default/production/_ext/1171490990/interrupts.o
 .debug_info    0x0000000000004be2      0x116 build/default/production/_ext/1171490990/exceptions.o
 .debug_info    0x0000000000004cf8      0x9a4 build/default/production/_ext/1171490990/startup_xc32.o
 .debug_info    0x000000000000569c      0x1dd build/default/production/_ext/1360937237/main.o
 .debug_info    0x0000000000005879       0x68 c:/program files/microchip/xc32/v4.60/bin/bin/../../lib/gcc/pic32c/8.3.1/../../../../pic32c/lib/thumb/v7e-m+dp/hard\libpic32c.a(data_init.o)
 .debug_info    0x00000000000058e1       0xa4 c:/program files/microchip/xc32/v4.60/bin/bin/../../lib/gcc/pic32c/8.3.1/../../../../pic32c/lib/thumb/v7e-m+dp/hard\libc-size-musl.a(strlen.o)
 .debug_info    0x0000000000005985      0x2fb c:/program files/microchip/xc32/v4.60/bin/bin/../../lib/gcc/pic32c/8.3.1/../../../../pic32c/lib/thumb/v7e-m+dp/hard\libc-musl.a(__libc_start_main.o)
 .debug_info    0x0000000000005c80      0x276 c:/program files/microchip/xc32/v4.60/bin/bin/../../lib/gcc/pic32c/8.3.1/../../../../pic32c/lib/thumb/v7e-m+dp/hard\libc-musl.a(libc.o)
 .debug_info    0x0000000000005ef6       0x97 c:/program files/microchip/xc32/v4.60/bin/bin/../../lib/gcc/pic32c/8.3.1/../../../../pic32c/lib/thumb/v7e-m+dp/hard\libc-musl.a(__environ.o)
 .debug_info    0x0000000000005f8d       0x3f c:/program files/microchip/xc32/v4.60/bin/bin/../../lib/gcc/pic32c/8.3.1/../../../../pic32c/lib/thumb/v7e-m+dp/hard\libpic32c.a(pic32_data_init_clear.o)
 .debug_info    0x0000000000005fcc       0x40 c:/program files/microchip/xc32/v4.60/bin/bin/../../lib/gcc/pic32c/8.3.1/../../../../pic32c/lib/thumb/v7e-m+dp/hard\libpic32c.a(pic32_data_init_copy.o)

.debug_abbrev   0x0000000000000000     0x1724
 .debug_abbrev  0x0000000000000000       0xcd build/default/production/_ext/60165520/plib_clk.o
 .debug_abbrev  0x00000000000000cd      0x292 build/default/production/_ext/60167248/plib_efc.o
 .debug_abbrev  0x000000000000035f      0x26e build/default/production/_ext/1865468468/plib_nvic.o
 .debug_abbrev  0x00000000000005cd      0x153 build/default/production/_ext/60177924/plib_pio.o
 .debug_abbrev  0x0000000000000720      0x2c6 build/default/production/_ext/1865657120/plib_uart0.o
 .debug_abbrev  0x00000000000009e6      0x283 build/default/production/_ext/2001315827/plib_usart1.o
 .debug_abbrev  0x0000000000000c69      0x228 build/default/production/_ext/2003650513/plib_xdmac.o
 .debug_abbrev  0x0000000000000e91       0xce build/default/production/_ext/1171490990/initialization.o
 .debug_abbrev  0x0000000000000f5f       0xc0 build/default/production/_ext/1171490990/interrupts.o
 .debug_abbrev  0x000000000000101f       0x49 build/default/production/_ext/1171490990/exceptions.o
 .debug_abbrev  0x0000000000001068      0x241 build/default/production/_ext/1171490990/startup_xc32.o
 .debug_abbrev  0x00000000000012a9       0xe1 build/default/production/_ext/1360937237/main.o
 .debug_abbrev  0x000000000000138a       0x44 c:/program files/microchip/xc32/v4.60/bin/bin/../../lib/gcc/pic32c/8.3.1/../../../../pic32c/lib/thumb/v7e-m+dp/hard\libpic32c.a(data_init.o)
 .debug_abbrev  0x00000000000013ce       0x91 c:/program files/microchip/xc32/v4.60/bin/bin/../../lib/gcc/pic32c/8.3.1/../../../../pic32c/lib/thumb/v7e-m+dp/hard\libc-size-musl.a(strlen.o)
 .debug_abbrev  0x000000000000145f      0x133 c:/program files/microchip/xc32/v4.60/bin/bin/../../lib/gcc/pic32c/8.3.1/../../../../pic32c/lib/thumb/v7e-m+dp/hard\libc-musl.a(__libc_start_main.o)
 .debug_abbrev  0x0000000000001592       0xd4 c:/program files/microchip/xc32/v4.60/bin/bin/../../lib/gcc/pic32c/8.3.1/../../../../pic32c/lib/thumb/v7e-m+dp/hard\libc-musl.a(libc.o)
 .debug_abbrev  0x0000000000001666       0x62 c:/program files/microchip/xc32/v4.60/bin/bin/../../lib/gcc/pic32c/8.3.1/../../../../pic32c/lib/thumb/v7e-m+dp/hard\libc-musl.a(__environ.o)
 .debug_abbrev  0x00000000000016c8       0x2e c:/program files/microchip/xc32/v4.60/bin/bin/../../lib/gcc/pic32c/8.3.1/../../../../pic32c/lib/thumb/v7e-m+dp/hard\libpic32c.a(pic32_data_init_clear.o)
 .debug_abbrev  0x00000000000016f6       0x2e c:/program files/microchip/xc32/v4.60/bin/bin/../../lib/gcc/pic32c/8.3.1/../../../../pic32c/lib/thumb/v7e-m+dp/hard\libpic32c.a(pic32_data_init_copy.o)

.debug_aranges  0x0000000000000000      0x4b0
 .debug_aranges
                0x0000000000000000       0x20 build/default/production/_ext/60165520/plib_clk.o
 .debug_aranges
                0x0000000000000020       0x70 build/default/production/_ext/60167248/plib_efc.o
 .debug_aranges
                0x0000000000000090       0x48 build/default/production/_ext/1865468468/plib_nvic.o
 .debug_aranges
                0x00000000000000d8       0x60 build/default/production/_ext/60177924/plib_pio.o
 .debug_aranges
                0x0000000000000138       0x98 build/default/production/_ext/1865657120/plib_uart0.o
 .debug_aranges
                0x00000000000001d0       0xa0 build/default/production/_ext/2001315827/plib_usart1.o
 .debug_aranges
                0x0000000000000270       0x78 build/default/production/_ext/2003650513/plib_xdmac.o
 .debug_aranges
                0x00000000000002e8       0x20 build/default/production/_ext/1171490990/initialization.o
 .debug_aranges
                0x0000000000000308       0x20 build/default/production/_ext/1171490990/interrupts.o
 .debug_aranges
                0x0000000000000328       0x48 build/default/production/_ext/1171490990/exceptions.o
 .debug_aranges
                0x0000000000000370       0x28 build/default/production/_ext/1171490990/startup_xc32.o
 .debug_aranges
                0x0000000000000398       0x30 build/default/production/_ext/1360937237/main.o
 .debug_aranges
                0x00000000000003c8       0x30 c:/program files/microchip/xc32/v4.60/bin/bin/../../lib/gcc/pic32c/8.3.1/../../../../pic32c/lib/thumb/v7e-m+dp/hard\libpic32c.a(data_init.o)
 .debug_aranges
                0x00000000000003f8       0x20 c:/program files/microchip/xc32/v4.60/bin/bin/../../lib/gcc/pic32c/8.3.1/../../../../pic32c/lib/thumb/v7e-m+dp/hard\libc-size-musl.a(strlen.o)
 .debug_aranges
                0x0000000000000418       0x28 c:/program files/microchip/xc32/v4.60/bin/bin/../../lib/gcc/pic32c/8.3.1/../../../../pic32c/lib/thumb/v7e-m+dp/hard\libc-musl.a(__libc_start_main.o)
 .debug_aranges
                0x0000000000000440       0x18 c:/program files/microchip/xc32/v4.60/bin/bin/../../lib/gcc/pic32c/8.3.1/../../../../pic32c/lib/thumb/v7e-m+dp/hard\libc-musl.a(libc.o)
 .debug_aranges
                0x0000000000000458       0x18 c:/program files/microchip/xc32/v4.60/bin/bin/../../lib/gcc/pic32c/8.3.1/../../../../pic32c/lib/thumb/v7e-m+dp/hard\libc-musl.a(__environ.o)
 .debug_aranges
                0x0000000000000470       0x20 c:/program files/microchip/xc32/v4.60/bin/bin/../../lib/gcc/pic32c/8.3.1/../../../../pic32c/lib/thumb/v7e-m+dp/hard\libpic32c.a(pic32_data_init_clear.o)
 .debug_aranges
                0x0000000000000490       0x20 c:/program files/microchip/xc32/v4.60/bin/bin/../../lib/gcc/pic32c/8.3.1/../../../../pic32c/lib/thumb/v7e-m+dp/hard\libpic32c.a(pic32_data_init_copy.o)

.debug_ranges   0x0000000000000000      0x3e0
 .debug_ranges  0x0000000000000000       0x10 build/default/production/_ext/60165520/plib_clk.o
 .debug_ranges  0x0000000000000010       0x90 build/default/production/_ext/60167248/plib_efc.o
 .debug_ranges  0x00000000000000a0       0x50 build/default/production/_ext/1865468468/plib_nvic.o
 .debug_ranges  0x00000000000000f0       0x50 build/default/production/_ext/60177924/plib_pio.o
 .debug_ranges  0x0000000000000140       0x88 build/default/production/_ext/1865657120/plib_uart0.o
 .debug_ranges  0x00000000000001c8       0x90 build/default/production/_ext/2001315827/plib_usart1.o
 .debug_ranges  0x0000000000000258       0x68 build/default/production/_ext/2003650513/plib_xdmac.o
 .debug_ranges  0x00000000000002c0       0x10 build/default/production/_ext/1171490990/initialization.o
 .debug_ranges  0x00000000000002d0       0x10 build/default/production/_ext/1171490990/interrupts.o
 .debug_ranges  0x00000000000002e0       0x38 build/default/production/_ext/1171490990/exceptions.o
 .debug_ranges  0x0000000000000318       0x18 build/default/production/_ext/1171490990/startup_xc32.o
 .debug_ranges  0x0000000000000330       0x20 build/default/production/_ext/1360937237/main.o
 .debug_ranges  0x0000000000000350       0x20 c:/program files/microchip/xc32/v4.60/bin/bin/../../lib/gcc/pic32c/8.3.1/../../../../pic32c/lib/thumb/v7e-m+dp/hard\libpic32c.a(data_init.o)
 .debug_ranges  0x0000000000000370       0x10 c:/program files/microchip/xc32/v4.60/bin/bin/../../lib/gcc/pic32c/8.3.1/../../../../pic32c/lib/thumb/v7e-m+dp/hard\libc-size-musl.a(strlen.o)
 .debug_ranges  0x0000000000000380       0x40 c:/program files/microchip/xc32/v4.60/bin/bin/../../lib/gcc/pic32c/8.3.1/../../../../pic32c/lib/thumb/v7e-m+dp/hard\libc-musl.a(__libc_start_main.o)
 .debug_ranges  0x00000000000003c0       0x10 c:/program files/microchip/xc32/v4.60/bin/bin/../../lib/gcc/pic32c/8.3.1/../../../../pic32c/lib/thumb/v7e-m+dp/hard\libpic32c.a(pic32_data_init_clear.o)
 .debug_ranges  0x00000000000003d0       0x10 c:/program files/microchip/xc32/v4.60/bin/bin/../../lib/gcc/pic32c/8.3.1/../../../../pic32c/lib/thumb/v7e-m+dp/hard\libpic32c.a(pic32_data_init_copy.o)

.debug_line     0x0000000000000000     0x310b
 .debug_line    0x0000000000000000      0x183 build/default/production/_ext/60165520/plib_clk.o
 .debug_line    0x0000000000000183      0x62c build/default/production/_ext/60167248/plib_efc.o
 .debug_line    0x00000000000007af      0x44f build/default/production/_ext/1865468468/plib_nvic.o
 .debug_line    0x0000000000000bfe      0x37b build/default/production/_ext/60177924/plib_pio.o
 .debug_line    0x0000000000000f79      0x642 build/default/production/_ext/1865657120/plib_uart0.o
 .debug_line    0x00000000000015bb      0x73b build/default/production/_ext/2001315827/plib_usart1.o
 .debug_line    0x0000000000001cf6      0x456 build/default/production/_ext/2003650513/plib_xdmac.o
 .debug_line    0x000000000000214c      0x27b build/default/production/_ext/1171490990/initialization.o
 .debug_line    0x00000000000023c7       0xba build/default/production/_ext/1171490990/interrupts.o
 .debug_line    0x0000000000002481       0xc7 build/default/production/_ext/1171490990/exceptions.o
 .debug_line    0x0000000000002548      0x453 build/default/production/_ext/1171490990/startup_xc32.o
 .debug_line    0x000000000000299b      0x180 build/default/production/_ext/1360937237/main.o
 .debug_line    0x0000000000002b1b       0xa7 c:/program files/microchip/xc32/v4.60/bin/bin/../../lib/gcc/pic32c/8.3.1/../../../../pic32c/lib/thumb/v7e-m+dp/hard\libpic32c.a(data_init.o)
 .debug_line    0x0000000000002bc2       0xe6 c:/program files/microchip/xc32/v4.60/bin/bin/../../lib/gcc/pic32c/8.3.1/../../../../pic32c/lib/thumb/v7e-m+dp/hard\libc-size-musl.a(strlen.o)
 .debug_line    0x0000000000002ca8      0x1c7 c:/program files/microchip/xc32/v4.60/bin/bin/../../lib/gcc/pic32c/8.3.1/../../../../pic32c/lib/thumb/v7e-m+dp/hard\libc-musl.a(__libc_start_main.o)
 .debug_line    0x0000000000002e6f       0xb5 c:/program files/microchip/xc32/v4.60/bin/bin/../../lib/gcc/pic32c/8.3.1/../../../../pic32c/lib/thumb/v7e-m+dp/hard\libc-musl.a(libc.o)
 .debug_line    0x0000000000002f24       0xfb c:/program files/microchip/xc32/v4.60/bin/bin/../../lib/gcc/pic32c/8.3.1/../../../../pic32c/lib/thumb/v7e-m+dp/hard\libc-musl.a(__environ.o)
 .debug_line    0x000000000000301f       0x72 c:/program files/microchip/xc32/v4.60/bin/bin/../../lib/gcc/pic32c/8.3.1/../../../../pic32c/lib/thumb/v7e-m+dp/hard\libpic32c.a(pic32_data_init_clear.o)
 .debug_line    0x0000000000003091       0x7a c:/program files/microchip/xc32/v4.60/bin/bin/../../lib/gcc/pic32c/8.3.1/../../../../pic32c/lib/thumb/v7e-m+dp/hard\libpic32c.a(pic32_data_init_copy.o)

.debug_str      0x0000000000000000     0x598d
 .debug_str     0x0000000000000000      0x4c9 build/default/production/_ext/60165520/plib_clk.o
 .debug_str     0x00000000000004c9      0x5cf build/default/production/_ext/60167248/plib_efc.o
 .debug_str     0x0000000000000a98      0x986 build/default/production/_ext/1865468468/plib_nvic.o
 .debug_str     0x000000000000141e      0x6b8 build/default/production/_ext/60177924/plib_pio.o
 .debug_str     0x0000000000001ad6      0x5ec build/default/production/_ext/1865657120/plib_uart0.o
 .debug_str     0x00000000000020c2      0x83b build/default/production/_ext/2001315827/plib_usart1.o
 .debug_str     0x00000000000028fd      0x712 build/default/production/_ext/2003650513/plib_xdmac.o
 .debug_str     0x000000000000300f      0x385 build/default/production/_ext/1171490990/initialization.o
 .debug_str     0x0000000000003394      0x90c build/default/production/_ext/1171490990/interrupts.o
 .debug_str     0x0000000000003ca0      0x31a build/default/production/_ext/1171490990/exceptions.o
 .debug_str     0x0000000000003fba      0x583 build/default/production/_ext/1171490990/startup_xc32.o
 .debug_str     0x000000000000453d      0x2f1 build/default/production/_ext/1360937237/main.o
 .debug_str     0x000000000000482e      0x20c c:/program files/microchip/xc32/v4.60/bin/bin/../../lib/gcc/pic32c/8.3.1/../../../../pic32c/lib/thumb/v7e-m+dp/hard\libpic32c.a(data_init.o)
 .debug_str     0x0000000000004a3a      0x227 c:/program files/microchip/xc32/v4.60/bin/bin/../../lib/gcc/pic32c/8.3.1/../../../../pic32c/lib/thumb/v7e-m+dp/hard\libc-size-musl.a(strlen.o)
 .debug_str     0x0000000000004c61      0x3da c:/program files/microchip/xc32/v4.60/bin/bin/../../lib/gcc/pic32c/8.3.1/../../../../pic32c/lib/thumb/v7e-m+dp/hard\libc-musl.a(__libc_start_main.o)
 .debug_str     0x000000000000503b      0x345 c:/program files/microchip/xc32/v4.60/bin/bin/../../lib/gcc/pic32c/8.3.1/../../../../pic32c/lib/thumb/v7e-m+dp/hard\libc-musl.a(libc.o)
 .debug_str     0x0000000000005380      0x245 c:/program files/microchip/xc32/v4.60/bin/bin/../../lib/gcc/pic32c/8.3.1/../../../../pic32c/lib/thumb/v7e-m+dp/hard\libc-musl.a(__environ.o)
 .debug_str     0x00000000000055c5      0x1e5 c:/program files/microchip/xc32/v4.60/bin/bin/../../lib/gcc/pic32c/8.3.1/../../../../pic32c/lib/thumb/v7e-m+dp/hard\libpic32c.a(pic32_data_init_clear.o)
 .debug_str     0x00000000000057aa      0x1e3 c:/program files/microchip/xc32/v4.60/bin/bin/../../lib/gcc/pic32c/8.3.1/../../../../pic32c/lib/thumb/v7e-m+dp/hard\libpic32c.a(pic32_data_init_copy.o)

.debug_frame    0x0000000000000000      0x85c
 .debug_frame   0x0000000000000000       0x20 build/default/production/_ext/60165520/plib_clk.o
 .debug_frame   0x0000000000000020       0xec build/default/production/_ext/60167248/plib_efc.o
 .debug_frame   0x000000000000010c       0x7c build/default/production/_ext/1865468468/plib_nvic.o
 .debug_frame   0x0000000000000188       0xa0 build/default/production/_ext/60177924/plib_pio.o
 .debug_frame   0x0000000000000228      0x16c build/default/production/_ext/1865657120/plib_uart0.o
 .debug_frame   0x0000000000000394      0x18c build/default/production/_ext/2001315827/plib_usart1.o
 .debug_frame   0x0000000000000520      0x100 build/default/production/_ext/2003650513/plib_xdmac.o
 .debug_frame   0x0000000000000620       0x28 build/default/production/_ext/1171490990/initialization.o
 .debug_frame   0x0000000000000648       0x20 build/default/production/_ext/1171490990/interrupts.o
 .debug_frame   0x0000000000000668       0x70 build/default/production/_ext/1171490990/exceptions.o
 .debug_frame   0x00000000000006d8       0x38 build/default/production/_ext/1171490990/startup_xc32.o
 .debug_frame   0x0000000000000710       0x5c build/default/production/_ext/1360937237/main.o
 .debug_frame   0x000000000000076c       0x4c c:/program files/microchip/xc32/v4.60/bin/bin/../../lib/gcc/pic32c/8.3.1/../../../../pic32c/lib/thumb/v7e-m+dp/hard\libpic32c.a(data_init.o)
 .debug_frame   0x00000000000007b8       0x20 c:/program files/microchip/xc32/v4.60/bin/bin/../../lib/gcc/pic32c/8.3.1/../../../../pic32c/lib/thumb/v7e-m+dp/hard\libc-size-musl.a(strlen.o)
 .debug_frame   0x00000000000007d8       0x3c c:/program files/microchip/xc32/v4.60/bin/bin/../../lib/gcc/pic32c/8.3.1/../../../../pic32c/lib/thumb/v7e-m+dp/hard\libc-musl.a(__libc_start_main.o)
 .debug_frame   0x0000000000000814       0x20 c:/program files/microchip/xc32/v4.60/bin/bin/../../lib/gcc/pic32c/8.3.1/../../../../pic32c/lib/thumb/v7e-m+dp/hard\libpic32c.a(pic32_data_init_clear.o)
 .debug_frame   0x0000000000000834       0x28 c:/program files/microchip/xc32/v4.60/bin/bin/../../lib/gcc/pic32c/8.3.1/../../../../pic32c/lib/thumb/v7e-m+dp/hard\libpic32c.a(pic32_data_init_copy.o)

.debug_loc      0x0000000000000000     0x1ed6
 .debug_loc     0x0000000000000000      0x6ec build/default/production/_ext/60167248/plib_efc.o
 .debug_loc     0x00000000000006ec      0x20d build/default/production/_ext/1865468468/plib_nvic.o
 .debug_loc     0x00000000000008f9       0x94 build/default/production/_ext/60177924/plib_pio.o
 .debug_loc     0x000000000000098d      0x684 build/default/production/_ext/1865657120/plib_uart0.o
 .debug_loc     0x0000000000001011      0x87d build/default/production/_ext/2001315827/plib_usart1.o
 .debug_loc     0x000000000000188e      0x38d build/default/production/_ext/2003650513/plib_xdmac.o
 .debug_loc     0x0000000000001c1b       0x45 build/default/production/_ext/1171490990/initialization.o
 .debug_loc     0x0000000000001c60       0xa7 build/default/production/_ext/1171490990/startup_xc32.o
 .debug_loc     0x0000000000001d07       0xc6 build/default/production/_ext/1360937237/main.o
 .debug_loc     0x0000000000001dcd       0x14 c:/program files/microchip/xc32/v4.60/bin/bin/../../lib/gcc/pic32c/8.3.1/../../../../pic32c/lib/thumb/v7e-m+dp/hard\libpic32c.a(data_init.o)
 .debug_loc     0x0000000000001de1       0x90 c:/program files/microchip/xc32/v4.60/bin/bin/../../lib/gcc/pic32c/8.3.1/../../../../pic32c/lib/thumb/v7e-m+dp/hard\libc-size-musl.a(strlen.o)
 .debug_loc     0x0000000000001e71       0x51 c:/program files/microchip/xc32/v4.60/bin/bin/../../lib/gcc/pic32c/8.3.1/../../../../pic32c/lib/thumb/v7e-m+dp/hard\libc-musl.a(__libc_start_main.o)
 .debug_loc     0x0000000000001ec2       0x14 c:/program files/microchip/xc32/v4.60/bin/bin/../../lib/gcc/pic32c/8.3.1/../../../../pic32c/lib/thumb/v7e-m+dp/hard\libpic32c.a(pic32_data_init_copy.o)

.note.GNU-stack
                0x0000000000000000        0x0
 .note.GNU-stack
                0x0000000000000000        0x0 c:/program files/microchip/xc32/v4.60/bin/bin/../../lib/gcc/pic32c/8.3.1/../../../../pic32c/lib/thumb/v7e-m+dp/hard\libc-size-musl.a(strlen.o)
 .note.GNU-stack
                0x0000000000000000        0x0 c:/program files/microchip/xc32/v4.60/bin/bin/../../lib/gcc/pic32c/8.3.1/../../../../pic32c/lib/thumb/v7e-m+dp/hard\libc-musl.a(__libc_start_main.o)
 .note.GNU-stack
                0x0000000000000000        0x0 c:/program files/microchip/xc32/v4.60/bin/bin/../../lib/gcc/pic32c/8.3.1/../../../../pic32c/lib/thumb/v7e-m+dp/hard\libc-musl.a(libc.o)
 .note.GNU-stack
                0x0000000000000000        0x0 c:/program files/microchip/xc32/v4.60/bin/bin/../../lib/gcc/pic32c/8.3.1/../../../../pic32c/lib/thumb/v7e-m+dp/hard\libc-musl.a(__environ.o)

.stack          0x0000000020400308      0x100
 .stack         0x0000000020400308      0x100 stack

.bss%1          0x0000000020400000       0x50
 .bss           0x0000000020400000       0x50 c:/program files/microchip/xc32/v4.60/bin/bin/../../lib/gcc/pic32c/8.3.1/../../../../pic32c/lib/thumb/v7e-m+dp/hard\libc-musl.a(libc.o)
                0x0000000020400000                __progname_full
                0x0000000020400000                program_invocation_name
                0x0000000020400004                program_invocation_short_name
                0x0000000020400004                __progname
                0x0000000020400008                __sysinfo
                0x000000002040000c                __hwcap
                0x0000000020400010                __libc

.bss.usart1Obj%2
                0x0000000020400050       0x34
 .bss.usart1Obj
                0x0000000020400050       0x34 build/default/production/_ext/2001315827/plib_usart1.o

.bss.uart0Obj%3
                0x0000000020400084       0x30
 .bss.uart0Obj  0x0000000020400084       0x30 build/default/production/_ext/1865657120/plib_uart0.o

.bss%4          0x00000000204000b4       0x1c
 .bss           0x00000000204000b4       0x1c c:/program files/microchip/xc32/v4.60/bin/bin/../../lib/gcc/pic32c/8.3.1/thumb/v7e-m+dp/hard/crtbegin.o

.bss.xdmacChannelObj%5
                0x00000000204000d0       0x10
 .bss.xdmacChannelObj
                0x00000000204000d0       0x10 build/default/production/_ext/2003650513/plib_xdmac.o

.bss.cmd.7829%6
                0x00000000204000e0        0x4
 .bss.cmd.7829  0x00000000204000e0        0x4 build/default/production/_ext/1171490990/startup_xc32.o

.bss%7          0x00000000204000e4        0x4
 .bss           0x00000000204000e4        0x4 c:/program files/microchip/xc32/v4.60/bin/bin/../../lib/gcc/pic32c/8.3.1/../../../../pic32c/lib/thumb/v7e-m+dp/hard\libpic32c.a(data_init.o)

.bss%8          0x00000000204000e8        0x4
 .bss           0x00000000204000e8        0x4 c:/program files/microchip/xc32/v4.60/bin/bin/../../lib/gcc/pic32c/8.3.1/../../../../pic32c/lib/thumb/v7e-m+dp/hard\libc-musl.a(__environ.o)
                0x00000000204000e8                __environ
                0x00000000204000e8                environ
                0x00000000204000e8                ___environ
                0x00000000204000e8                _environ

.eh_frame%z1    0x0000000000000000        0x0
 .eh_frame      0x0000000000000000        0x0 c:/program files/microchip/xc32/v4.60/bin/bin/../../lib/gcc/pic32c/8.3.1/thumb/v7e-m+dp/hard/crtbegin.o

.config_D0000000.__config_D0000000%9
                0x00000000d0000000        0x4
 .config_D0000000.__config_D0000000
                0x00000000d0000000        0x4 build/default/production/_ext/1171490990/initialization.o
                0x00000000d0000000                __config_D0000000

.text.Reset_Handler%10
                0x0000000000400188      0x160
 .text.Reset_Handler
                0x0000000000400188      0x160 build/default/production/_ext/1171490990/startup_xc32.o
                0x0000000000400188                Reset_Handler

.text.PIO_Initialize%11
                0x00000000004002e8       0xc4
 .text.PIO_Initialize
                0x00000000004002e8       0xc4 build/default/production/_ext/60177924/plib_pio.o
                0x00000000004002e8                PIO_Initialize

.text.USART1_Write%12
                0x00000000004003ac       0x78
 .text.USART1_Write
                0x00000000004003ac       0x78 build/default/production/_ext/2001315827/plib_usart1.o
                0x00000000004003ac                USART1_Write

.text.USART1_ISR_TX_Handler%13
                0x0000000000400424       0x74
 .text.USART1_ISR_TX_Handler
                0x0000000000400424       0x74 build/default/production/_ext/2001315827/plib_usart1.o

.text.CLOCK_Initialize%14
                0x0000000000400498       0x70
 .text.CLOCK_Initialize
                0x0000000000400498       0x70 build/default/production/_ext/60165520/plib_clk.o
                0x0000000000400498                CLOCK_Initialize

.text.NVIC_Initialize%15
                0x0000000000400508       0x68
 .text.NVIC_Initialize
                0x0000000000400508       0x68 build/default/production/_ext/1865468468/plib_nvic.o
                0x0000000000400508                NVIC_Initialize

.text.UART0_ISR_TX_Handler%16
                0x0000000000400570       0x68
 .text.UART0_ISR_TX_Handler
                0x0000000000400570       0x68 build/default/production/_ext/1865657120/plib_uart0.o

.text.USART1_ISR_RX_Handler%17
                0x00000000004005d8       0x68
 .text.USART1_ISR_RX_Handler
                0x00000000004005d8       0x68 build/default/production/_ext/2001315827/plib_usart1.o

.text.UART0_ISR_RX_Handler%18
                0x0000000000400640       0x64
 .text.UART0_ISR_RX_Handler
                0x0000000000400640       0x64 build/default/production/_ext/1865657120/plib_uart0.o

.text.USART1_InterruptHandler%19
                0x00000000004006a4       0x64
 .text.USART1_InterruptHandler
                0x00000000004006a4       0x64 build/default/production/_ext/2001315827/plib_usart1.o
                0x00000000004006a4                USART1_InterruptHandler

.text.__libc_start_init%20
                0x0000000000400708       0x5c
 .text.__libc_start_init
                0x0000000000400708       0x5c c:/program files/microchip/xc32/v4.60/bin/bin/../../lib/gcc/pic32c/8.3.1/../../../../pic32c/lib/thumb/v7e-m+dp/hard\libc-musl.a(__libc_start_main.o)
                0x0000000000400708                __libc_init_array

.text.XDMAC_InterruptHandler%21
                0x0000000000400764       0x58
 .text.XDMAC_InterruptHandler
                0x0000000000400764       0x58 build/default/production/_ext/2003650513/plib_xdmac.o
                0x0000000000400764                XDMAC_InterruptHandler

.text.UART0_InterruptHandler%22
                0x00000000004007bc       0x50
 .text.UART0_InterruptHandler
                0x00000000004007bc       0x50 build/default/production/_ext/1865657120/plib_uart0.o
                0x00000000004007bc                UART0_InterruptHandler

.dinit%23       0x000000000040080c       0x50
 .dinit         0x000000000040080c       0x50 data_init

.text%24        0x000000000040085c       0x40
 .text          0x000000000040085c       0x40 c:/program files/microchip/xc32/v4.60/bin/bin/../../lib/gcc/pic32c/8.3.1/thumb/v7e-m+dp/hard/crtbegin.o

.text.UART0_Initialize%25
                0x000000000040089c       0x3c
 .text.UART0_Initialize
                0x000000000040089c       0x3c build/default/production/_ext/1865657120/plib_uart0.o
                0x000000000040089c                UART0_Initialize

.text.USART1_Initialize%26
                0x00000000004008d8       0x3c
 .text.USART1_Initialize
                0x00000000004008d8       0x3c build/default/production/_ext/2001315827/plib_usart1.o
                0x00000000004008d8                USART1_Initialize

.text.__pic32c_data_initialization%27
                0x0000000000400914       0x38
 .text.__pic32c_data_initialization
                0x0000000000400914       0x38 c:/program files/microchip/xc32/v4.60/bin/bin/../../lib/gcc/pic32c/8.3.1/../../../../pic32c/lib/thumb/v7e-m+dp/hard\libpic32c.a(data_init.o)
                0x0000000000400914                __pic32c_data_initialization

.text.SYS_Initialize%28
                0x000000000040094c       0x30
 .text.SYS_Initialize
                0x000000000040094c       0x30 build/default/production/_ext/1171490990/initialization.o
                0x000000000040094c                SYS_Initialize

.text.USART1_ErrorClear%29
                0x000000000040097c       0x2c
 .text.USART1_ErrorClear
                0x000000000040097c       0x2c build/default/production/_ext/2001315827/plib_usart1.o

.text.XDMAC_Initialize%30
                0x00000000004009a8       0x2c
 .text.XDMAC_Initialize
                0x00000000004009a8       0x2c build/default/production/_ext/2003650513/plib_xdmac.o
                0x00000000004009a8                XDMAC_Initialize

.text.__dinit_copy%31
                0x00000000004009d4       0x1e
 .text.__dinit_copy
                0x00000000004009d4       0x1e c:/program files/microchip/xc32/v4.60/bin/bin/../../lib/gcc/pic32c/8.3.1/../../../../pic32c/lib/thumb/v7e-m+dp/hard\libpic32c.a(pic32_data_init_copy.o)
                0x00000000004009d4                __dinit_copy_needed
                0x00000000004009d4                __dinit_copy

.rodata.main.str1.4%32
                0x00000000004009f4       0x1c
 .rodata.main.str1.4
                0x00000000004009f4       0x1c build/default/production/_ext/1360937237/main.o

.text.USART1_WriteBlock%33
                0x0000000000400a10       0x18
 .text.USART1_WriteBlock
                0x0000000000400a10       0x18 build/default/production/_ext/1360937237/main.o
                0x0000000000400a10                USART1_WriteBlock

.text.strlen%34
                0x0000000000400a28       0x18
 .text.strlen   0x0000000000400a28       0x18 c:/program files/microchip/xc32/v4.60/bin/bin/../../lib/gcc/pic32c/8.3.1/../../../../pic32c/lib/thumb/v7e-m+dp/hard\libc-size-musl.a(strlen.o)
                0x0000000000400a28                strlen

.text.main%35   0x0000000000400a40       0x14
 .text.main     0x0000000000400a40       0x14 build/default/production/_ext/1360937237/main.o
                0x0000000000400a40                main

.rodata%36      0x0000000000400a54       0x14
 .rodata        0x0000000000400a54       0x14 c:/program files/microchip/xc32/v4.60/bin/bin/../../lib/gcc/pic32c/8.3.1/../../../../pic32c/lib/thumb/v7e-m+dp/hard\libpic32c.a(data_init.o)

.text.USART1_WriteString%37
                0x0000000000400a68       0x12
 .text.USART1_WriteString
                0x0000000000400a68       0x12 build/default/production/_ext/1360937237/main.o
                0x0000000000400a68                USART1_WriteString

.text.__dinit_clear%38
                0x0000000000400a7a       0x12
 .text.__dinit_clear
                0x0000000000400a7a       0x12 c:/program files/microchip/xc32/v4.60/bin/bin/../../lib/gcc/pic32c/8.3.1/../../../../pic32c/lib/thumb/v7e-m+dp/hard\libpic32c.a(pic32_data_init_clear.o)
                0x0000000000400a7a                __dinit_clear
                0x0000000000400a7a                __dinit_clear_needed

.text.EFC_Initialize%39
                0x0000000000400a8c       0x10
 .text.EFC_Initialize
                0x0000000000400a8c       0x10 build/default/production/_ext/60167248/plib_efc.o
                0x0000000000400a8c                EFC_Initialize

.text.USART1_WriteIsBusy%40
                0x0000000000400a9c        0xc
 .text.USART1_WriteIsBusy
                0x0000000000400a9c        0xc build/default/production/_ext/2001315827/plib_usart1.o
                0x0000000000400a9c                USART1_WriteIsBusy

.text.__dummy_decompress%41
                0x0000000000400aa8        0x4
 .text.__dummy_decompress
                0x0000000000400aa8        0x4 c:/program files/microchip/xc32/v4.60/bin/bin/../../lib/gcc/pic32c/8.3.1/../../../../pic32c/lib/thumb/v7e-m+dp/hard\libpic32c.a(data_init.o)
                0x0000000000400aa8                __dinit_decompress
                0x0000000000400aa8                __dinit_copy_val_data
                0x0000000000400aa8                __dinit_copy_emb

.text.Dummy_Handler%42
                0x00000000004009f2        0x2
 .text.Dummy_Handler
                0x00000000004009f2        0x2 build/default/production/_ext/1171490990/interrupts.o
                0x00000000004009f2                DACC_Handler
                0x00000000004009f2                SVCall_Handler
                0x00000000004009f2                TC0_CH2_Handler
                0x00000000004009f2                TC3_CH1_Handler
                0x00000000004009f2                UART3_Handler
                0x00000000004009f2                UART2_Handler
                0x00000000004009f2                TRNG_Handler
                0x00000000004009f2                SysTick_Handler
                0x00000000004009f2                AFEC1_Handler
                0x00000000004009f2                PendSV_Handler
                0x00000000004009f2                TC0_CH1_Handler
                0x00000000004009f2                QSPI_Handler
                0x00000000004009f2                ISI_Handler
                0x00000000004009f2                MCAN0_INT0_Handler
                0x00000000004009f2                RSWDT_Handler
                0x00000000004009f2                USART0_Handler
                0x00000000004009f2                TC1_CH2_Handler
                0x00000000004009f2                RTT_Handler
                0x00000000004009f2                USBHS_Handler
                0x00000000004009f2                IXC_Handler
                0x00000000004009f2                CCF_Handler
                0x00000000004009f2                PIOB_Handler
                0x00000000004009f2                RTC_Handler
                0x00000000004009f2                WDT_Handler
                0x00000000004009f2                MCAN1_INT1_Handler
                0x00000000004009f2                HSMCI_Handler
                0x00000000004009f2                UART1_Handler
                0x00000000004009f2                Dummy_Handler
                0x00000000004009f2                TWIHS1_Handler
                0x00000000004009f2                TC3_CH2_Handler
                0x00000000004009f2                UART4_Handler
                0x00000000004009f2                TC2_CH0_Handler
                0x00000000004009f2                PWM1_Handler
                0x00000000004009f2                PWM0_Handler
                0x00000000004009f2                PIOA_Handler
                0x00000000004009f2                AFEC0_Handler
                0x00000000004009f2                CCW_Handler
                0x00000000004009f2                TC3_CH0_Handler
                0x00000000004009f2                SSC_Handler
                0x00000000004009f2                TC1_CH0_Handler
                0x00000000004009f2                ACC_Handler
                0x00000000004009f2                PMC_Handler
                0x00000000004009f2                GMAC_Handler
                0x00000000004009f2                TC2_CH2_Handler
                0x00000000004009f2                MCAN0_INT1_Handler
                0x00000000004009f2                GMAC_Q5_Handler
                0x00000000004009f2                SUPC_Handler
                0x00000000004009f2                TC2_CH1_Handler
                0x00000000004009f2                MCAN1_INT0_Handler
                0x00000000004009f2                EFC_Handler
                0x00000000004009f2                GMAC_Q1_Handler
                0x00000000004009f2                USART2_Handler
                0x00000000004009f2                GMAC_Q2_Handler
                0x00000000004009f2                PIOE_Handler
                0x00000000004009f2                SPI1_Handler
                0x00000000004009f2                TC1_CH1_Handler
                0x00000000004009f2                GMAC_Q3_Handler
                0x00000000004009f2                PIOD_Handler
                0x00000000004009f2                TWIHS2_Handler
                0x00000000004009f2                I2SC0_Handler
                0x00000000004009f2                I2SC1_Handler
                0x00000000004009f2                TC0_CH0_Handler
                0x00000000004009f2                PIOC_Handler
                0x00000000004009f2                GMAC_Q4_Handler
                0x00000000004009f2                FPU_Handler
                0x00000000004009f2                RSTC_Handler
                0x00000000004009f2                ICM_Handler
                0x00000000004009f2                AES_Handler
                0x00000000004009f2                TWIHS0_Handler
                0x00000000004009f2                SPI0_Handler

.text.NonMaskableInt_Handler%43
                0x0000000000400aac        0x2
 .text.NonMaskableInt_Handler
                0x0000000000400aac        0x2 build/default/production/_ext/1171490990/exceptions.o
                0x0000000000400aac                NonMaskableInt_Handler

.text.HardFault_Handler%44
                0x0000000000400aae        0x2
 .text.HardFault_Handler
                0x0000000000400aae        0x2 build/default/production/_ext/1171490990/exceptions.o
                0x0000000000400aae                HardFault_Handler

.text.DebugMonitor_Handler%45
                0x0000000000400ab0        0x2
 .text.DebugMonitor_Handler
                0x0000000000400ab0        0x2 build/default/production/_ext/1171490990/exceptions.o
                0x0000000000400ab0                DebugMonitor_Handler

.text.MemoryManagement_Handler%46
                0x0000000000400ab2        0x2
 .text.MemoryManagement_Handler
                0x0000000000400ab2        0x2 build/default/production/_ext/1171490990/exceptions.o
                0x0000000000400ab2                MemoryManagement_Handler

.text.BusFault_Handler%47
                0x0000000000400ab4        0x2
 .text.BusFault_Handler
                0x0000000000400ab4        0x2 build/default/production/_ext/1171490990/exceptions.o
                0x0000000000400ab4                BusFault_Handler

.text.UsageFault_Handler%48
                0x0000000000400ab6        0x2
 .text.UsageFault_Handler
                0x0000000000400ab6        0x2 build/default/production/_ext/1171490990/exceptions.o
                0x0000000000400ab6                UsageFault_Handler

.text.Dummy_App_Func%49
                0x0000000000400ab8        0x2
 .text.Dummy_App_Func
                0x0000000000400ab8        0x2 build/default/production/_ext/1171490990/startup_xc32.o
                0x0000000000400ab8                _on_reset
                0x0000000000400ab8                _on_bootstrap
                0x0000000000400ab8                __xc32_on_reset
                0x0000000000400ab8                Dummy_App_Func
                0x0000000000400ab8                __xc32_on_bootstrap

.text.__dummy_init_tls%50
                0x0000000000400aba        0x2
 .text.__dummy_init_tls
                0x0000000000400aba        0x2 c:/program files/microchip/xc32/v4.60/bin/bin/../../lib/gcc/pic32c/8.3.1/../../../../pic32c/lib/thumb/v7e-m+dp/hard\libpic32c.a(data_init.o)
                0x0000000000400aba                xc32_init_tls

.text.__dummy%51
                0x0000000000400abc        0x2
 .text.__dummy  0x0000000000400abc        0x2 c:/program files/microchip/xc32/v4.60/bin/bin/../../lib/gcc/pic32c/8.3.1/../../../../pic32c/lib/thumb/v7e-m+dp/hard\libc-musl.a(__libc_start_main.o)
                0x0000000000400abc                __init_stdio
                0x0000000000400abc                __init_host
